{"time":"2026-03-28T00:05:42.177191+03:00","level":"INFO","msg":"starting server on :8080"}
{"time":"2026-03-28T00:06:10.3758111+03:00","level":"INFO","msg":"auth service: register success","request_id":"f541e5f6-b3dc-43e4-b2bd-70a859cc732f","method":"POST","path":"/api/register","user_id":1,"email":"test.runner1774645570@example.com"}
{"time":"2026-03-28T00:06:10.3758111+03:00","level":"INFO","msg":"register: success","request_id":"f541e5f6-b3dc-43e4-b2bd-70a859cc732f","method":"POST","path":"/api/register","user_id":1,"email":"test.runner1774645570@example.com"}
{"time":"2026-03-28T00:06:22.942571+03:00","level":"INFO","msg":"auth service: login attempt","request_id":"068ebe54-67f0-45d8-ad00-425eabcffb24","method":"POST","path":"/api/login","email":"test.runner@example.com"}
{"time":"2026-03-28T00:06:22.9485987+03:00","level":"WARN","msg":"auth service: login lookup failed","request_id":"068ebe54-67f0-45d8-ad00-425eabcffb24","method":"POST","path":"/api/login","email":"test.runner@example.com","error":"user not found"}
{"time":"2026-03-28T00:06:22.9491537+03:00","level":"WARN","msg":"login: invalid credentials","request_id":"068ebe54-67f0-45d8-ad00-425eabcffb24","method":"POST","path":"/api/login","email":"test.runner@example.com"}
{"time":"2026-03-28T00:06:32.5197919+03:00","level":"INFO","msg":"auth service: register success","request_id":"aec4ac4a-85d6-4167-8c08-d4a66b684783","method":"POST","path":"/api/register","user_id":2,"email":"test.runner@example.com"}
{"time":"2026-03-28T00:06:32.5202355+03:00","level":"INFO","msg":"register: success","request_id":"aec4ac4a-85d6-4167-8c08-d4a66b684783","method":"POST","path":"/api/register","user_id":2,"email":"test.runner@example.com"}
{"time":"2026-03-28T00:06:35.0926287+03:00","level":"INFO","msg":"auth service: login attempt","request_id":"f4d8823a-e5a0-4e56-bed3-88b3cda79304","method":"POST","path":"/api/login","email":"test.runner@example.com"}
{"time":"2026-03-28T00:06:35.1509344+03:00","level":"INFO","msg":"auth service: login success","request_id":"f4d8823a-e5a0-4e56-bed3-88b3cda79304","method":"POST","path":"/api/login","user_id":2,"email":"test.runner@example.com"}
{"time":"2026-03-28T00:06:35.1509344+03:00","level":"INFO","msg":"login: success","request_id":"f4d8823a-e5a0-4e56-bed3-88b3cda79304","method":"POST","path":"/api/login","user_id":2}
{"time":"2026-03-28T00:06:46.1764005+03:00","level":"INFO","msg":"refresh: success","request_id":"fb5dc962-c783-4389-a7da-7a8274639bb0","method":"POST","path":"/api/refresh"}
{"time":"2026-03-28T00:07:14.5032816+03:00","level":"INFO","msg":"daily metrics service: get-all success","request_id":"72d983dc-badb-4790-a458-100379ac3360","method":"GET","path":"/api/daily-metrics","user_id":2,"count":1}
{"time":"2026-03-28T00:07:54.1821711+03:00","level":"INFO","msg":"daily metrics service: get-all success","request_id":"0bc33f97-9862-420b-91c0-755c1ffb78f7","method":"GET","path":"/api/daily-metrics","user_id":2,"count":1}
{"time":"2026-03-28T00:09:47.5212868+03:00","level":"INFO","msg":"daily metrics service: get-all success","request_id":"4c08f7d9-b6ff-4189-b2ad-915aebe5285d","method":"GET","path":"/api/daily-metrics","user_id":2,"count":2}
{"time":"2026-03-28T00:10:23.2009596+03:00","level":"INFO","msg":"daily metrics service: get-all success","request_id":"a12e4937-cdc3-4551-9ee7-8e26ef4e329d","method":"GET","path":"/api/daily-metrics","user_id":2,"count":2}
{"time":"2026-03-28T00:11:04.8889114+03:00","level":"WARN","msg":"workouts/get-by-id: not found","request_id":"819b521e-b86f-4d0b-9e15-dcb37ef3a83e","method":"GET","path":"/api/workouts/2","id":2,"user_id":2}
{"time":"2026-03-28T00:11:35.9344036+03:00","level":"INFO","msg":"metrics service: create success","request_id":"4711b497-dc37-4fa6-bd87-7acef7405852","method":"POST","path":"/api/metrics","user_id":2}
{"time":"2026-03-28T00:11:51.2062486+03:00","level":"INFO","msg":"metrics service: update success","request_id":"13c981d4-1c04-4de5-b8f5-98bafc970233","method":"PUT","path":"/api/metrics/1","user_id":2,"metrics_id":1}
{"time":"2026-03-28T00:11:56.468793+03:00","level":"INFO","msg":"metrics service: delete success","request_id":"d8ac90a3-bf53-4f28-be2c-6e1c1ec591ed","method":"DELETE","path":"/api/metrics/1","user_id":2,"metrics_id":1}
{"time":"2026-03-28T00:12:11.2677652+03:00","level":"INFO","msg":"daily metrics service: update success","request_id":"d0b389c9-7dd9-445e-8ab7-5a94e6efce69","method":"PUT","path":"/api/daily-metrics/2","id":2,"user_id":2}
{"time":"2026-03-28T00:12:16.4231477+03:00","level":"INFO","msg":"daily metrics service: delete success","request_id":"4c1bbd61-f2b6-481f-868d-e397988c1575","method":"DELETE","path":"/api/daily-metrics/2","id":2}
{"time":"2026-03-28T00:12:36.0787401+03:00","level":"ERROR","msg":"daily metrics repo: get-by-id failed","request_id":"be59408b-a185-4f6f-b77c-a85bf8a4dea8","method":"GET","path":"/api/daily-metrics/999999","id":999999,"error":"no rows in result set"}
{"time":"2026-03-28T00:12:36.0792643+03:00","level":"ERROR","msg":"daily metrics service: get-by-id failed","request_id":"be59408b-a185-4f6f-b77c-a85bf8a4dea8","method":"GET","path":"/api/daily-metrics/999999","id":999999,"error":"daily metric not found"}
{"time":"2026-03-28T00:12:36.0797906+03:00","level":"WARN","msg":"daily-metrics/get-by-id: not found","request_id":"be59408b-a185-4f6f-b77c-a85bf8a4dea8","method":"GET","path":"/api/daily-metrics/999999","id":999999}
{"time":"2026-03-28T00:12:42.3534024+03:00","level":"INFO","msg":"daily metrics service: create success","request_id":"3471572a-f791-47e6-b2d6-e8ca9addff42","method":"POST","path":"/api/daily-metrics","user_id":2,"id":3}
{"time":"2026-03-28T00:13:06.985549+03:00","level":"ERROR","msg":"daily metrics repo: create failed","request_id":"59fafb46-20a6-4331-895b-811d32f3fef7","method":"POST","path":"/api/daily-metrics","user_id":2,"date":"2024-01-25","error":"ОШИБКА: повторяющееся значение ключа нарушает ограничение уникальности \"daily_metrics_user_id_date_key\" (SQLSTATE 23505)"}
{"time":"2026-03-28T00:13:06.985549+03:00","level":"ERROR","msg":"daily metrics service: create failed","request_id":"59fafb46-20a6-4331-895b-811d32f3fef7","method":"POST","path":"/api/daily-metrics","user_id":2,"date":"2024-01-25","error":"ОШИБКА: повторяющееся значение ключа нарушает ограничение уникальности \"daily_metrics_user_id_date_key\" (SQLSTATE 23505)"}
{"time":"2026-03-28T00:13:06.9861037+03:00","level":"ERROR","msg":"daily-metrics/create: service failed","request_id":"59fafb46-20a6-4331-895b-811d32f3fef7","method":"POST","path":"/api/daily-metrics","error":"ОШИБКА: повторяющееся значение ключа нарушает ограничение уникальности \"daily_metrics_user_id_date_key\" (SQLSTATE 23505)","user_id":2}
{"time":"2026-03-28T00:13:18.4238054+03:00","level":"WARN","msg":"daily-metrics/create: invalid body","request_id":"35a23fce-b7fc-4fe2-80ec-0bbb7e9dc787","method":"POST","path":"/api/daily-metrics","error":"json: cannot unmarshal string into Go struct field CreateDailyMetricRequest.sleep_score of type int"}
{"time":"2026-03-28T00:13:26.1746625+03:00","level":"ERROR","msg":"workouts/update: service failed","request_id":"f8618e1e-3c67-4c46-acec-55ca96ca9ccb","method":"PUT","path":"/api/workouts/1","id":1,"user_id":2,"error":"PUT requires all required fields: date, distance, duration, type_activity"}
{"time":"2026-03-28T00:16:19.0022008+03:00","level":"INFO","msg":"received shutdown signal","signal":2}
{"time":"2026-03-28T00:16:19.0027503+03:00","level":"INFO","msg":"HTTP server shutdown successfully"}
{"time":"2026-03-28T00:16:19.0037741+03:00","level":"INFO","msg":"scheduler shut down successfully"}
{"time":"2026-03-28T00:16:19.0037995+03:00","level":"INFO","msg":"application stopped"}
{"time":"2026-03-28T00:16:21.4285889+03:00","level":"INFO","msg":"starting server on :8080"}
{"time":"2026-03-28T00:16:26.5073928+03:00","level":"WARN","msg":"daily metrics repo: create duplicate","request_id":"9380fd85-ae39-4bd7-aa60-dca3ea3056fe","method":"POST","path":"/api/daily-metrics","user_id":2,"date":"2024-01-25","constraint":"daily_metrics_user_id_date_key"}
{"time":"2026-03-28T00:16:26.5084587+03:00","level":"ERROR","msg":"daily metrics service: create failed","request_id":"9380fd85-ae39-4bd7-aa60-dca3ea3056fe","method":"POST","path":"/api/daily-metrics","user_id":2,"date":"2024-01-25","error":"daily metric already exists"}
{"time":"2026-03-28T00:16:26.5084587+03:00","level":"WARN","msg":"daily-metrics/create: already exists","request_id":"9380fd85-ae39-4bd7-aa60-dca3ea3056fe","method":"POST","path":"/api/daily-metrics","user_id":2,"date":"2024-01-25"}
{"time":"2026-03-28T00:16:38.2245297+03:00","level":"INFO","msg":"received shutdown signal","signal":2}
{"time":"2026-03-28T00:16:38.2258328+03:00","level":"INFO","msg":"HTTP server shutdown successfully"}
{"time":"2026-03-28T00:16:38.2260796+03:00","level":"INFO","msg":"scheduler shut down successfully"}
{"time":"2026-03-28T00:16:38.2267244+03:00","level":"INFO","msg":"application stopped"}
